============================= test session starts =============================
platform win32 -- Python 3.11.9, pytest-7.4.0, pluggy-1.6.0 -- C:\Users\Administrator\AppData\Local\Programs\Python\Python311\python.exe
cachedir: .pytest_cache
rootdir: C:\Users\Administrator\Documents\twisterlab
configfile: pytest.ini
plugins: anyio-4.11.0, langsmith-0.4.41, asyncio-0.22.0, cov-4.1.0
asyncio: mode=Mode.AUTO
collecting ... collected 5 items

tests/e2e/test_2_agents.py::TestRealAgents::test_sentiment_analyzer PASSED [ 20%]
tests/e2e/test_2_agents.py::TestRealAgents::test_classifier_agent PASSED [ 40%]
tests/e2e/test_2_agents.py::TestRealAgents::test_code_review_agent FAILED [ 60%]
tests/e2e/test_2_agents.py::TestRealAgents::test_resolver_agent PASSED   [ 80%]
tests/e2e/test_2_agents.py::TestRealAgents::test_backup_agent PASSED     [100%]

================================== FAILURES ===================================
____________________ TestRealAgents.test_code_review_agent ____________________

self = <test_2_agents.TestRealAgents object at 0x0000026062E7AE10>
client = <httpx.Client object at 0x0000026062E1C3D0>
admin_headers = {'Authorization': 'Bearer dev-token-admin', 'Content-Type': 'application/json'}

    def test_code_review_agent(self, client, admin_headers):
        """Test Code Review (Admin required)."""
        payload = {
            "arguments": {
                "code": "password = '123'; print(password)",
                "language": "python"
            }
        }
        response = client.post("/tools/code-review_security_scan", json=payload, headers=admin_headers)
    
>       assert response.status_code == 200
E       assert 400 == 200
E        +  where 400 = <Response [400 Bad Request]>.status_code

tests\e2e\test_2_agents.py:37: AssertionError
=========================== short test summary info ===========================
FAILED tests/e2e/test_2_agents.py::TestRealAgents::test_code_review_agent - a...
========================= 1 failed, 4 passed in 0.74s =========================
